npm error Missing script: "typecheck"
npm error
npm error To see a list of scripts, run:
npm error   npm run
npm error A complete log of this run can be found in: /home/illia/.npm/_logs/2026-04-17T21_39_42_810Z-debug-0.log
